// Jest Snapshot v1, https://goo.gl/fbAQLP

exports[`Test eks creation CloudFormation Snapshot 1`] = `Object {}`;
